omb10 <omb10.pfb
OMB10 <OMB10.pfb
ombx10 <ombx10.pfb
OMBX10 <OMBX10.pfb
ombx12 <ombx12.pfb
OMBX12 <OMBX12.pfb
ombx14 <ombx14.pfb
OMBX14 <OMBX14.pfb
ombx17 <ombx17.pfb
OMBX17 <OMBX17.pfb
ombx5 <ombx5.pfb
OMBX5 <OMBX5.pfb
ombx6 <ombx6.pfb
OMBX6 <OMBX6.pfb
ombx7 <ombx7.pfb
OMBX7 <OMBX7.pfb
ombx8 <ombx8.pfb
OMBX8 <OMBX8.pfb
ombx9 <ombx9.pfb
OMBX9 <OMBX9.pfb
ombxsl10 <ombxsl10.pfb
OMBXSL10 <OMBXSL10.pfb
ombxti10 <ombxti10.pfb
OMBXTI10 <OMBXTI10.pfb
omcsc10 <omcsc10.pfb
OMCSC10 <OMCSC10.pfb
omdunh10 <omdunh10.pfb
OMDUNH10 <OMDUNH10.pfb
omff10 <omff10.pfb
OMFF10 <OMFF10.pfb
omfi10 <omfi10.pfb
OMFI10 <OMFI10.pfb
omfib8 <omfib8.pfb
OMFIB8 <OMFIB8.pfb
omitt10 <omitt10.pfb
OMITT10 <OMITT10.pfb
omr10 <omr10.pfb
OMR10 <OMR10.pfb
omr12 <omr12.pfb
OMR12 <OMR12.pfb
omr14 <omr14.pfb
OMR14 <OMR14.pfb
omr17 <omr17.pfb
OMR17 <OMR17.pfb
omr5 <omr5.pfb
OMR5 <OMR5.pfb
omr6 <omr6.pfb
OMR6 <OMR6.pfb
omr7 <omr7.pfb
OMR7 <OMR7.pfb
omr8 <omr8.pfb
OMR8 <OMR8.pfb
omr9 <omr9.pfb
OMR9 <OMR9.pfb
omsl10 <omsl10.pfb
OMSL10 <OMSL10.pfb
omsl12 <omsl12.pfb
OMSL12 <OMSL12.pfb
omsl14 <omsl14.pfb
OMSL14 <OMSL14.pfb
omsl17 <omsl17.pfb
OMSL17 <OMSL17.pfb
omsl8 <omsl8.pfb
OMSL8 <OMSL8.pfb
omsl9 <omsl9.pfb
OMSL9 <OMSL9.pfb
omsltt10 <omsltt10.pfb
OMSLTT10 <OMSLTT10.pfb
omss10 <omss10.pfb
OMSS10 <OMSS10.pfb
omss12 <omss12.pfb
OMSS12 <OMSS12.pfb
omss17 <omss17.pfb
OMSS17 <OMSS17.pfb
omss8 <omss8.pfb
OMSS8 <OMSS8.pfb
omss9 <omss9.pfb
OMSS9 <OMSS9.pfb
omssbx10 <omssbx10.pfb
OMSSBX10 <OMSSBX10.pfb
omssdc10 <omssdc10.pfb
OMSSDC10 <OMSSDC10.pfb
omssi10 <omssi10.pfb
OMSSI10 <OMSSI10.pfb
omssi12 <omssi12.pfb
OMSSI12 <OMSSI12.pfb
omssi17 <omssi17.pfb
OMSSI17 <OMSSI17.pfb
omssi8 <omssi8.pfb
OMSSI8 <OMSSI8.pfb
omssi9 <omssi9.pfb
OMSSI9 <OMSSI9.pfb
omssq8 <omssq8.pfb
OMSSQ8 <OMSSQ8.pfb
omssqi8 <omssqi8.pfb
OMSSQI8 <OMSSQI8.pfb
omtcsc10 <omtcsc10.pfb
OMTCSC10 <OMTCSC10.pfb
omtex10 <omtex10.pfb
OMTEX10 <OMTEX10.pfb
omtex8 <omtex8.pfb
OMTEX8 <OMTEX8.pfb
omtex9 <omtex9.pfb
OMTEX9 <OMTEX9.pfb
omti10 <omti10.pfb
OMTI10 <OMTI10.pfb
omti12 <omti12.pfb
OMTI12 <OMTI12.pfb
omti14 <omti14.pfb
OMTI14 <OMTI14.pfb
omti17 <omti17.pfb
OMTI17 <OMTI17.pfb
omti7 <omti7.pfb
OMTI7 <OMTI7.pfb
omti8 <omti8.pfb
OMTI8 <OMTI8.pfb
omti9 <omti9.pfb
OMTI9 <OMTI9.pfb
omtt10 <omtt10.pfb
OMTT10 <OMTT10.pfb
omtt12 <omtt12.pfb
OMTT12 <OMTT12.pfb
omtt14 <omtt14.pfb
OMTT14 <OMTT14.pfb
omtt17 <omtt17.pfb
OMTT17 <OMTT17.pfb
omtt8 <omtt8.pfb
OMTT8 <OMTT8.pfb
omtt9 <omtt9.pfb
OMTT9 <OMTT9.pfb
omu10 <omu10.pfb
OMU10 <OMU10.pfb
omvtt10 <omvtt10.pfb
OMVTT10 <OMVTT10.pfb
